nothing to commit, working tree clean
PS C:\Users\T460\Documents\SocialNetwork> git add.
git: 'add.' is not a git command. See 'git --help'.

        add
PS C:\Users\T460\Documents\SocialNetwork> git add .
PS C:\Users\T460\Documents\SocialNetwork> git commit -m "phase 1 finish"
On branch main
Your branch is ahead of 'origin/main' by 1 commit.
  (use "git push" to publish your local commits)

nothing to commit, working tree clean
PS C:\Users\T460\Documents\SocialNetwork> git push
Delta compression using up to 4 threads
Compressing objects: 100% (11/11), done.
Writing objects: 100% (11/11), 4.16 KiB | 142.00 KiB/s, done.
Total 11 (delta 8), reused 0 (delta 0), pack-reused 0 (from 0)
remote: Resolving deltas: 100% (8/8), completed with 8 local objects.
To https://github.com/GermanNitti/SocialNetwork.git
   1bb47f4..7cffcde  main -> main
PS C:\Users\T460\Documents\SocialNetwork> cd .\backend
PS C:\Users\T460\Documents\SocialNetwork\backend> npx prisma db push
Loaded Prisma config from prisma.config.ts.

Prisma schema loaded from prisma\schema.prisma
Datasource "db": PostgreSQL database "postgres", schema "public" at "aws-0-us-west-2.pooler.supabase.com:5432"

Error: P1001: Can't reach database server at `aws-0-us-west-2.pooler.supabase.com:5432`

Please make sure your database server is running at `aws-0-us-west-2.pooler.supabase.com:5432`.